// Jest Snapshot v1, https://goo.gl/fbAQLP

exports[`Renders the Shipping Form Component 1`] = `
<form
  className="needs-validation m-3"
>
  <div
    className="row g-3"
  >
    <div
      className="col-sm-6"
    >
      <label
        className="form-label"
        htmlFor="firstName"
      >
        Codigo postal origen
      </label>
      <input
        className="form-control"
        id="firstName"
        placeholder=""
        type="text"
        value=""
      />
      <div
        className="invalid-feedback"
      >
        Valid first name is required.
      </div>
    </div>
    <div
      className="col-sm-6"
    >
      <label
        className="form-label"
        htmlFor="lastName"
      >
        Codigo postal destino
      </label>
      <input
        className="form-control"
        id="lastName"
        placeholder=""
        type="text"
        value=""
      />
      <div
        className="invalid-feedback"
      >
        Valid last name is required.
      </div>
    </div>
    <div
      className="col-md-3"
    >
      <label
        className="form-label"
        htmlFor="lastName"
      >
        Weight
      </label>
      <input
        className="form-control"
        id="lastName"
        placeholder=""
        type="text"
        value=""
      />
      <div
        className="invalid-feedback"
      >
        Valid last name is required.
      </div>
    </div>
    <div
      className="col-md-3"
    >
      <label
        className="form-label"
        htmlFor="lastName"
      >
        Height
      </label>
      <input
        className="form-control"
        id="lastName"
        placeholder=""
        type="text"
        value=""
      />
      <div
        className="invalid-feedback"
      >
        Valid last name is required.
      </div>
    </div>
    <div
      className="col-md-3"
    >
      <label
        className="form-label"
        htmlFor="lastName"
      >
        Width
      </label>
      <input
        className="form-control"
        id="lastName"
        placeholder=""
        type="text"
        value=""
      />
      <div
        className="invalid-feedback"
      >
        Valid last name is required.
      </div>
    </div>
    <div
      className="col-md-3"
    >
      <label
        className="form-label"
        htmlFor="lastName"
      >
        Length
      </label>
      <input
        className="form-control"
        id="lastName"
        placeholder=""
        type="text"
        value=""
      />
      <div
        className="invalid-feedback"
      >
        Valid last name is required.
      </div>
    </div>
  </div>
  <hr
    className="my-4"
  />
  <button
    className="w-100 btn btn-primary btn-lg"
    type="submit"
  >
    Enviar
  </button>
</form>
`;
